// Jest Snapshot v1, https://goo.gl/fbAQLP

exports[`<GatewayConnectionReactor /> matches snapshot 1`] = `
<ConnectionReactor
  componentProp="prop"
  latestEvent={
    Object {
      "identifiers": Array [
        Object {
          "device_ids": Object {},
        },
      ],
      "name": "test.name",
      "time": "2019-09-10T07:30:14.232137918Z",
    }
  }
  updateGatewayStatistics={[Function]}
>
  <TestComponent
    componentProp="prop"
  >
    <div>
      test
    </div>
  </TestComponent>
</ConnectionReactor>
`;
