// Jest Snapshot v1, https://goo.gl/fbAQLP

exports[`SideNavigationItem is collapsable should match snapshot 1`] = `
<li
  className="item"
>
  <CollapsableItem
    depth={0}
    isActive={false}
    isExpanded={false}
    isMinimized={false}
    onClick={[Function]}
    title="test-title"
  >
    <SideNavigationItem
      depth={0}
      exact={true}
      isActive={false}
      isMinimized={false}
      location={
        Object {
          "pathname": "/",
        }
      }
      path="/nested-title"
      title="nested-title"
    />
    <SideNavigationItem
      depth={0}
      exact={true}
      isActive={false}
      isMinimized={false}
      location={
        Object {
          "pathname": "/",
        }
      }
      path="/nested-title2"
      title="nested-title2"
    />
  </CollapsableItem>
</li>
`;

exports[`SideNavigationItem is flat should match snapshot 1`] = `
<li
  className="item"
>
  <LinkItem
    depth={0}
    exact={true}
    path="/test-title"
    title="test-title"
  />
</li>
`;
